Analysis & Synthesis report for project
Thu Oct  8 16:39:42 2026
Quartus Prime Version 25.1std.0 Build 1129 10/21/2025 SC Lite Edition


---------------------
; Table of Contents ;
---------------------
  1. Legal Notice
  2. Analysis & Synthesis Summary
  3. Analysis & Synthesis Settings
  4. Parallel Compilation
  5. Analysis & Synthesis Source Files Read
  6. Analysis & Synthesis Resource Usage Summary
  7. Analysis & Synthesis Resource Utilization by Entity
  8. General Register Statistics
  9. Post-Synthesis Netlist Statistics for Top Partition
 10. Elapsed Time Per Partition
 11. Analysis & Synthesis Messages



----------------
; Legal Notice ;
----------------
Copyright (C) 2025  Altera Corporation. All rights reserved.
Your use of Altera Corporation's design tools, logic functions 
and other software and tools, and any partner logic 
functions, and any output files from any of the foregoing 
(including device programming or simulation files), and any 
associated documentation or information are expressly subject 
to the terms and conditions of the Altera Program License 
Subscription Agreement, the Altera Quartus Prime License Agreement,
the Altera IP License Agreement, or other applicable license
agreement, including, without limitation, that your use is for
the sole purpose of programming logic devices manufactured by
Altera and sold by Altera or its authorized distributors.  Please
refer to the Altera Software License Subscription Agreements 
on the Quartus Prime software download page.



+-----------------------------------------------------------------------------------+
; Analysis & Synthesis Summary                                                      ;
+---------------------------------+-------------------------------------------------+
; Analysis & Synthesis Status     ; Successful - Thu Oct  8 16:39:42 2026           ;
; Quartus Prime Version           ; 25.1std.0 Build 1129 10/21/2025 SC Lite Edition ;
; Revision Name                   ; project                                         ;
; Top-level Entity Name           ; ALUsel_setter                                   ;
; Family                          ; Cyclone V                                       ;
; Logic utilization (in ALMs)     ; N/A                                             ;
; Total registers                 ; 0                                               ;
; Total pins                      ; 20                                              ;
; Total virtual pins              ; 0                                               ;
; Total block memory bits         ; 0                                               ;
; Total DSP Blocks                ; 0                                               ;
; Total HSSI RX PCSs              ; 0                                               ;
; Total HSSI PMA RX Deserializers ; 0                                               ;
; Total HSSI TX PCSs              ; 0                                               ;
; Total HSSI PMA TX Serializers   ; 0                                               ;
; Total PLLs                      ; 0                                               ;
; Total DLLs                      ; 0                                               ;
+---------------------------------+-------------------------------------------------+


+---------------------------------------------------------------------------------------------------------------------------+
; Analysis & Synthesis Settings                                                                                             ;
+---------------------------------------------------------------------------------+--------------------+--------------------+
; Option                                                                          ; Setting            ; Default Value      ;
+---------------------------------------------------------------------------------+--------------------+--------------------+
; Device                                                                          ; 5CSEBA6U23I7       ;                    ;
; Top-level entity name                                                           ; ALUsel_setter      ; project            ;
; Family name                                                                     ; Cyclone V          ; Cyclone V          ;
; Use smart compilation                                                           ; Off                ; Off                ;
; Enable parallel Assembler and Timing Analyzer during compilation                ; On                 ; On                 ;
; Enable compact report table                                                     ; Off                ; Off                ;
; Restructure Multiplexers                                                        ; Auto               ; Auto               ;
; MLAB Add Timing Constraints For Mixed-Port Feed-Through Mode Setting Don't Care ; Off                ; Off                ;
; Create Debugging Nodes for IP Cores                                             ; Off                ; Off                ;
; Preserve fewer node names                                                       ; On                 ; On                 ;
; Intel FPGA IP Evaluation Mode                                                   ; Enable             ; Enable             ;
; Verilog Version                                                                 ; Verilog_2001       ; Verilog_2001       ;
; VHDL Version                                                                    ; VHDL_1993          ; VHDL_1993          ;
; State Machine Processing                                                        ; Auto               ; Auto               ;
; Safe State Machine                                                              ; Off                ; Off                ;
; Extract Verilog State Machines                                                  ; On                 ; On                 ;
; Extract VHDL State Machines                                                     ; On                 ; On                 ;
; Ignore Verilog initial constructs                                               ; Off                ; Off                ;
; Iteration limit for constant Verilog loops                                      ; 5000               ; 5000               ;
; Iteration limit for non-constant Verilog loops                                  ; 250                ; 250                ;
; Add Pass-Through Logic to Inferred RAMs                                         ; On                 ; On                 ;
; Infer RAMs from Raw Logic                                                       ; On                 ; On                 ;
; Parallel Synthesis                                                              ; On                 ; On                 ;
; DSP Block Balancing                                                             ; Auto               ; Auto               ;
; NOT Gate Push-Back                                                              ; On                 ; On                 ;
; Power-Up Don't Care                                                             ; On                 ; On                 ;
; Remove Redundant Logic Cells                                                    ; Off                ; Off                ;
; Remove Duplicate Registers                                                      ; On                 ; On                 ;
; Ignore CARRY Buffers                                                            ; Off                ; Off                ;
; Ignore CASCADE Buffers                                                          ; Off                ; Off                ;
; Ignore GLOBAL Buffers                                                           ; Off                ; Off                ;
; Ignore ROW GLOBAL Buffers                                                       ; Off                ; Off                ;
; Ignore LCELL Buffers                                                            ; Off                ; Off                ;
; Ignore SOFT Buffers                                                             ; On                 ; On                 ;
; Limit AHDL Integers to 32 Bits                                                  ; Off                ; Off                ;
; Optimization Technique                                                          ; Balanced           ; Balanced           ;
; Carry Chain Length                                                              ; 70                 ; 70                 ;
; Auto Carry Chains                                                               ; On                 ; On                 ;
; Auto Open-Drain Pins                                                            ; On                 ; On                 ;
; Perform WYSIWYG Primitive Resynthesis                                           ; Off                ; Off                ;
; Auto ROM Replacement                                                            ; On                 ; On                 ;
; Auto RAM Replacement                                                            ; On                 ; On                 ;
; Auto DSP Block Replacement                                                      ; On                 ; On                 ;
; Auto Shift Register Replacement                                                 ; Auto               ; Auto               ;
; Allow Shift Register Merging across Hierarchies                                 ; Auto               ; Auto               ;
; Auto Clock Enable Replacement                                                   ; On                 ; On                 ;
; Strict RAM Replacement                                                          ; Off                ; Off                ;
; Allow Synchronous Control Signals                                               ; On                 ; On                 ;
; Force Use of Synchronous Clear Signals                                          ; Off                ; Off                ;
; Auto Resource Sharing                                                           ; Off                ; Off                ;
; Allow Any RAM Size For Recognition                                              ; Off                ; Off                ;
; Allow Any ROM Size For Recognition                                              ; Off                ; Off                ;
; Allow Any Shift Register Size For Recognition                                   ; Off                ; Off                ;
; Use LogicLock Constraints during Resource Balancing                             ; On                 ; On                 ;
; Ignore translate_off and synthesis_off directives                               ; Off                ; Off                ;
; Timing-Driven Synthesis                                                         ; On                 ; On                 ;
; Report Parameter Settings                                                       ; On                 ; On                 ;
; Report Source Assignments                                                       ; On                 ; On                 ;
; Report Connectivity Checks                                                      ; On                 ; On                 ;
; Ignore Maximum Fan-Out Assignments                                              ; Off                ; Off                ;
; Synchronization Register Chain Length                                           ; 3                  ; 3                  ;
; Power Optimization During Synthesis                                             ; Normal compilation ; Normal compilation ;
; HDL message level                                                               ; Level2             ; Level2             ;
; Suppress Register Optimization Related Messages                                 ; Off                ; Off                ;
; Number of Removed Registers Reported in Synthesis Report                        ; 5000               ; 5000               ;
; Number of Swept Nodes Reported in Synthesis Report                              ; 5000               ; 5000               ;
; Number of Inverted Registers Reported in Synthesis Report                       ; 100                ; 100                ;
; Clock MUX Protection                                                            ; On                 ; On                 ;
; Auto Gated Clock Conversion                                                     ; Off                ; Off                ;
; Block Design Naming                                                             ; Auto               ; Auto               ;
; SDC constraint protection                                                       ; Off                ; Off                ;
; Synthesis Effort                                                                ; Auto               ; Auto               ;
; Shift Register Replacement - Allow Asynchronous Clear Signal                    ; On                 ; On                 ;
; Pre-Mapping Resynthesis Optimization                                            ; Off                ; Off                ;
; Analysis & Synthesis Message Level                                              ; Medium             ; Medium             ;
; Disable Register Merging Across Hierarchies                                     ; Auto               ; Auto               ;
; Resource Aware Inference For Block RAM                                          ; On                 ; On                 ;
; Automatic Parallel Synthesis                                                    ; On                 ; On                 ;
; Partial Reconfiguration Bitstream ID                                            ; Off                ; Off                ;
+---------------------------------------------------------------------------------+--------------------+--------------------+


+------------------------------------------+
; Parallel Compilation                     ;
+----------------------------+-------------+
; Processors                 ; Number      ;
+----------------------------+-------------+
; Number detected on machine ; 20          ;
; Maximum allowed            ; 14          ;
;                            ;             ;
; Average used               ; 1.00        ;
; Maximum used               ; 1           ;
;                            ;             ;
; Usage by Processor         ; % Time Used ;
;     Processor 1            ; 100.0%      ;
+----------------------------+-------------+


+--------------------------------------------------------------------------------------------------------------------------------------------------------+
; Analysis & Synthesis Source Files Read                                                                                                                 ;
+----------------------------------+-----------------+------------------------------------+----------------------------------------------------+---------+
; File Name with User-Entered Path ; Used in Netlist ; File Type                          ; File Name with Absolute Path                       ; Library ;
+----------------------------------+-----------------+------------------------------------+----------------------------------------------------+---------+
; opcode_decoder.bdf               ; yes             ; User Block Diagram/Schematic File  ; C:/Scratch/s3947618/quatusPrime/opcode_decoder.bdf ;         ;
; func7_decoder.bdf                ; yes             ; User Block Diagram/Schematic File  ; C:/Scratch/s3947618/quatusPrime/func7_decoder.bdf  ;         ;
; func3_decoder.bdf                ; yes             ; User Block Diagram/Schematic File  ; C:/Scratch/s3947618/quatusPrime/func3_decoder.bdf  ;         ;
; ALUsel_setter.bdf                ; yes             ; User Block Diagram/Schematic File  ; C:/Scratch/s3947618/quatusPrime/ALUsel_setter.bdf  ;         ;
+----------------------------------+-----------------+------------------------------------+----------------------------------------------------+---------+


+--------------------------------------------------------------+
; Analysis & Synthesis Resource Usage Summary                  ;
+---------------------------------------------+----------------+
; Resource                                    ; Usage          ;
+---------------------------------------------+----------------+
; Estimate of Logic utilization (ALMs needed) ; 12             ;
;                                             ;                ;
; Combinational ALUT usage for logic          ; 18             ;
;     -- 7 input functions                    ; 0              ;
;     -- 6 input functions                    ; 6              ;
;     -- 5 input functions                    ; 5              ;
;     -- 4 input functions                    ; 2              ;
;     -- <=3 input functions                  ; 5              ;
;                                             ;                ;
; Dedicated logic registers                   ; 0              ;
;                                             ;                ;
; I/O pins                                    ; 20             ;
;                                             ;                ;
; Total DSP Blocks                            ; 0              ;
;                                             ;                ;
; Maximum fan-out node                        ; func3[2]~input ;
; Maximum fan-out                             ; 7              ;
; Total fan-out                               ; 109            ;
; Average fan-out                             ; 1.88           ;
+---------------------------------------------+----------------+


+-----------------------------------------------------------------------------------------------------------------------------------------------------------------------------------------------------------+
; Analysis & Synthesis Resource Utilization by Entity                                                                                                                                                       ;
+----------------------------+---------------------+---------------------------+-------------------+------------+------+--------------+-------------------------------------+----------------+--------------+
; Compilation Hierarchy Node ; Combinational ALUTs ; Dedicated Logic Registers ; Block Memory Bits ; DSP Blocks ; Pins ; Virtual Pins ; Full Hierarchy Name                 ; Entity Name    ; Library Name ;
+----------------------------+---------------------+---------------------------+-------------------+------------+------+--------------+-------------------------------------+----------------+--------------+
; |ALUsel_setter             ; 18 (14)             ; 0 (0)                     ; 0                 ; 0          ; 20   ; 0            ; |ALUsel_setter                      ; ALUsel_setter  ; work         ;
;    |func7_decoder:inst20|  ; 1 (1)               ; 0 (0)                     ; 0                 ; 0          ; 0    ; 0            ; |ALUsel_setter|func7_decoder:inst20 ; func7_decoder  ; work         ;
;    |opcode_decoder:inst|   ; 3 (3)               ; 0 (0)                     ; 0                 ; 0          ; 0    ; 0            ; |ALUsel_setter|opcode_decoder:inst  ; opcode_decoder ; work         ;
+----------------------------+---------------------+---------------------------+-------------------+------------+------+--------------+-------------------------------------+----------------+--------------+
Note: For table entries with two numbers listed, the numbers in parentheses indicate the number of resources of the given type used by the specific entity alone. The numbers listed outside of parentheses indicate the total resources of the given type used by the specific entity and all of its sub-entities in the hierarchy.


+------------------------------------------------------+
; General Register Statistics                          ;
+----------------------------------------------+-------+
; Statistic                                    ; Value ;
+----------------------------------------------+-------+
; Total registers                              ; 0     ;
; Number of registers using Synchronous Clear  ; 0     ;
; Number of registers using Synchronous Load   ; 0     ;
; Number of registers using Asynchronous Clear ; 0     ;
; Number of registers using Asynchronous Load  ; 0     ;
; Number of registers using Clock Enable       ; 0     ;
; Number of registers using Preset             ; 0     ;
+----------------------------------------------+-------+


+-----------------------------------------------------+
; Post-Synthesis Netlist Statistics for Top Partition ;
+-----------------------+-----------------------------+
; Type                  ; Count                       ;
+-----------------------+-----------------------------+
; arriav_io_obuf        ; 3                           ;
; arriav_lcell_comb     ; 18                          ;
;     normal            ; 18                          ;
;         2 data inputs ; 1                           ;
;         3 data inputs ; 4                           ;
;         4 data inputs ; 2                           ;
;         5 data inputs ; 5                           ;
;         6 data inputs ; 6                           ;
; boundary_port         ; 20                          ;
;                       ;                             ;
; Max LUT depth         ; 4.00                        ;
; Average LUT depth     ; 3.55                        ;
+-----------------------+-----------------------------+


+-------------------------------+
; Elapsed Time Per Partition    ;
+----------------+--------------+
; Partition Name ; Elapsed Time ;
+----------------+--------------+
; Top            ; 00:00:00     ;
+----------------+--------------+


+-------------------------------+
; Analysis & Synthesis Messages ;
+-------------------------------+
Info: *******************************************************************
Info: Running Quartus Prime Analysis & Synthesis
    Info: Version 25.1std.0 Build 1129 10/21/2025 SC Lite Edition
    Info: Processing started: Thu Oct  8 16:39:34 2026
Info: Command: quartus_map --read_settings_files=on --write_settings_files=off project -c project
Warning (18236): Number of processors has not been specified which may cause overloading on shared machines.  Set the global assignment NUM_PARALLEL_PROCESSORS in your QSF to an appropriate value for best performance.
Info (20030): Parallel compilation is enabled and will use 14 of the 14 processors detected
Info (12021): Found 1 design units, including 1 entities, in source file wdsel_setter.bdf
    Info (12023): Found entity 1: WDSel_setter
Info (12021): Found 1 design units, including 1 entities, in source file tri_2bit.bdf
    Info (12023): Found entity 1: tri_2Bit
Info (12021): Found 1 design units, including 1 entities, in source file regwrite_setter.bdf
    Info (12023): Found entity 1: REGwrite_setter
Info (12021): Found 1 design units, including 1 entities, in source file pcsel_setter.bdf
    Info (12023): Found entity 1: PCSel_setter
Info (12021): Found 1 design units, including 1 entities, in source file opcode_decoder.bdf
    Info (12023): Found entity 1: opcode_decoder
Info (12021): Found 1 design units, including 1 entities, in source file mux32bit3way.bdf
    Info (12023): Found entity 1: mux32Bit3Way
Info (12021): Found 1 design units, including 1 entities, in source file memrw_setter.bdf
    Info (12023): Found entity 1: MemRW_setter
Info (12021): Found 1 design units, including 1 entities, in source file func7_decoder.bdf
    Info (12023): Found entity 1: func7_decoder
Info (12021): Found 1 design units, including 1 entities, in source file func3_decoder.bdf
    Info (12023): Found entity 1: func3_decoder
Info (12021): Found 1 design units, including 1 entities, in source file control_unit.bdf
    Info (12023): Found entity 1: control_unit
Info (12021): Found 1 design units, including 1 entities, in source file bsel_setter.bdf
    Info (12023): Found entity 1: Bsel_setter
Info (12021): Found 1 design units, including 1 entities, in source file alusel_setter.bdf
    Info (12023): Found entity 1: ALUsel_setter
Info (12021): Found 1 design units, including 1 entities, in source file zerodectector32bit.bdf
    Info (12023): Found entity 1: zeroDectector32Bit
Info (12021): Found 1 design units, including 1 entities, in source file twoscomplement4bit_overflow.bdf
    Info (12023): Found entity 1: twosComplement4Bit_overflow
Info (12021): Found 1 design units, including 1 entities, in source file twoscomplement4bit.bdf
    Info (12023): Found entity 1: twosComplement4Bit
Info (12021): Found 1 design units, including 1 entities, in source file twoscomplement32bit.bdf
    Info (12023): Found entity 1: twosComplement32Bit
Info (12021): Found 1 design units, including 1 entities, in source file twoscomplement1bit.bdf
    Info (12023): Found entity 1: twosComplement1Bit
Info (12021): Found 1 design units, including 1 entities, in source file mux4bit4way.bdf
    Info (12023): Found entity 1: mux4Bit4Way
Info (12021): Found 1 design units, including 1 entities, in source file mux4bit2way.bdf
    Info (12023): Found entity 1: mux4Bit2Way
Info (12021): Found 1 design units, including 1 entities, in source file mux32bit2way.bdf
    Info (12023): Found entity 1: mux32Bit2Way
Info (12021): Found 1 design units, including 1 entities, in source file mux1bit2way.bdf
    Info (12023): Found entity 1: mux1Bit2Way
Info (12021): Found 1 design units, including 1 entities, in source file aluproject.bdf
    Info (12023): Found entity 1: aluProject
Info (12021): Found 1 design units, including 1 entities, in source file halfadder.bdf
    Info (12023): Found entity 1: halfAdder
Info (12021): Found 1 design units, including 1 entities, in source file fulladder.bdf
    Info (12023): Found entity 1: fullAdder
Info (12021): Found 1 design units, including 1 entities, in source file ripplecarryadder4bit_overflow.bdf
    Info (12023): Found entity 1: rippleCarryAdder4Bit_overflow
Info (12021): Found 1 design units, including 1 entities, in source file ripplecarryadder4bit.bdf
    Info (12023): Found entity 1: rippleCarryAdder4Bit
Info (12021): Found 1 design units, including 1 entities, in source file ripplecarryadder32bit.bdf
    Info (12023): Found entity 1: rippleCarryAdder32Bit
Info (12021): Found 1 design units, including 1 entities, in source file rippleborrower4bit.bdf
    Info (12023): Found entity 1: rippleBorrower4Bit
Info (12021): Found 1 design units, including 1 entities, in source file rippleborrower32bit.bdf
    Info (12023): Found entity 1: rippleBorrower32Bit
Info (12021): Found 1 design units, including 1 entities, in source file rippleborrower1bit.bdf
    Info (12023): Found entity 1: rippleBorrower1Bit
Info (12127): Elaborating entity "ALUsel_setter" for the top level hierarchy
Info (12128): Elaborating entity "opcode_decoder" for hierarchy "opcode_decoder:inst"
Info (12128): Elaborating entity "func7_decoder" for hierarchy "func7_decoder:inst20"
Info (12128): Elaborating entity "func3_decoder" for hierarchy "func3_decoder:inst21"
Info (286030): Timing-Driven Synthesis is running
Info (16010): Generating hard_block partition "hard_block:auto_generated_inst"
    Info (16011): Adding 0 node(s), including 0 DDIO, 0 PLL, 0 transceiver and 0 LCELL
Info (21057): Implemented 38 device resources after synthesis - the final resource count might be different
    Info (21058): Implemented 17 input pins
    Info (21059): Implemented 3 output pins
    Info (21061): Implemented 18 logic cells
Info: Quartus Prime Analysis & Synthesis was successful. 0 errors, 1 warning
    Info: Peak virtual memory: 4873 megabytes
    Info: Processing ended: Thu Oct  8 16:39:42 2026
    Info: Elapsed time: 00:00:08
    Info: Total CPU time (on all processors): 00:00:13


